[2023-11-13T00:04:08.268+0300][2ms] Using Serial
[2023-11-13T00:04:08.269+0300][3ms] Version: 17.0.8+7-LTS (release)
[2023-11-13T00:04:08.269+0300][3ms] CPUs: 1 total, 1 available
[2023-11-13T00:04:08.269+0300][3ms] Memory: 2805M
[2023-11-13T00:04:08.269+0300][3ms] Large Page Support: Disabled
[2023-11-13T00:04:08.269+0300][3ms] NUMA Support: Disabled
[2023-11-13T00:04:08.269+0300][3ms] Compressed Oops: Enabled (32-bit)
[2023-11-13T00:04:08.269+0300][3ms] Heap Min Capacity: 1304M
[2023-11-13T00:04:08.269+0300][3ms] Heap Initial Capacity: 1304M
[2023-11-13T00:04:08.269+0300][3ms] Heap Max Capacity: 1304M
[2023-11-13T00:04:08.269+0300][3ms] Pre-touch: Disabled
[2023-11-13T00:04:08.274+0300][8ms] CDS archive(s) mapped at: [0x00007fedc4000000-0x00007fedc4bed000-0x00007fedc4bed000), size 12505088, SharedBaseAddress: 0x00007fedc4000000, ArchiveRelocationMode: 1.
[2023-11-13T00:04:08.274+0300][8ms] Compressed class space mapped at: 0x00007fedc5000000-0x00007fedd2000000, reserved size: 218103808
[2023-11-13T00:04:08.274+0300][8ms] Narrow klass base: 0x00007fedc4000000, Narrow klass shift: 0, Narrow klass range: 0x100000000
[2023-11-13T00:04:11.854+0300][3589ms] GC(0) Pause Young (Allocation Failure)
[2023-11-13T00:04:11.897+0300][3631ms] GC(0) DefNew: 356096K(400576K)->26783K(400576K) Eden: 356096K(356096K)->0K(356096K) From: 0K(44480K)->26783K(44480K)
[2023-11-13T00:04:11.897+0300][3631ms] GC(0) Tenured: 0K(890240K)->0K(890240K)
[2023-11-13T00:04:11.897+0300][3631ms] GC(0) Metaspace: 32893K(34112K)->32893K(34112K) NonClass: 28480K(29184K)->28480K(29184K) Class: 4412K(4928K)->4412K(4928K)
[2023-11-13T00:04:11.897+0300][3631ms] GC(0) Pause Young (Allocation Failure) 347M->26M(1260M) 42.536ms
[2023-11-13T00:04:11.897+0300][3631ms] GC(0) User=0.04s Sys=0.00s Real=0.03s
[2023-11-13T00:07:30.416+0300][202150ms] Heap
[2023-11-13T00:07:30.417+0300][202151ms]  def new generation   total 400576K, used 351259K [0x00000000ae800000, 0x00000000c9aa0000, 0x00000000c9aa0000)
[2023-11-13T00:07:30.417+0300][202151ms]   eden space 356096K,  91% used [0x00000000ae800000, 0x00000000c24df028, 0x00000000c43c0000)
[2023-11-13T00:07:30.417+0300][202151ms]   from space 44480K,  60% used [0x00000000c6f30000, 0x00000000c8957e48, 0x00000000c9aa0000)
[2023-11-13T00:07:30.417+0300][202151ms]   to   space 44480K,   0% used [0x00000000c43c0000, 0x00000000c43c0000, 0x00000000c6f30000)
[2023-11-13T00:07:30.417+0300][202151ms]  tenured generation   total 890240K, used 0K [0x00000000c9aa0000, 0x0000000100000000, 0x0000000100000000)
[2023-11-13T00:07:30.417+0300][202151ms]    the space 890240K,   0% used [0x00000000c9aa0000, 0x00000000c9aa0000, 0x00000000c9aa0200, 0x0000000100000000)
[2023-11-13T00:07:30.417+0300][202151ms]  Metaspace       used 57783K, committed 59712K, reserved 278528K
[2023-11-13T00:07:30.417+0300][202151ms]   class space    used 7517K, committed 8320K, reserved 212992K
