[2024-03-12T10:36:20.486+0300][2ms] Using Serial
[2024-03-12T10:36:20.487+0300][3ms] Version: 17.0.8+7-LTS (release)
[2024-03-12T10:36:20.487+0300][3ms] CPUs: 1 total, 1 available
[2024-03-12T10:36:20.487+0300][3ms] Memory: 2805M
[2024-03-12T10:36:20.487+0300][3ms] Large Page Support: Disabled
[2024-03-12T10:36:20.487+0300][3ms] NUMA Support: Disabled
[2024-03-12T10:36:20.487+0300][3ms] Compressed Oops: Enabled (32-bit)
[2024-03-12T10:36:20.487+0300][3ms] Heap Min Capacity: 1304M
[2024-03-12T10:36:20.487+0300][3ms] Heap Initial Capacity: 1304M
[2024-03-12T10:36:20.487+0300][3ms] Heap Max Capacity: 1304M
[2024-03-12T10:36:20.487+0300][3ms] Pre-touch: Disabled
[2024-03-12T10:36:20.493+0300][8ms] CDS archive(s) mapped at: [0x00007fad70000000-0x00007fad70bed000-0x00007fad70bed000), size 12505088, SharedBaseAddress: 0x00007fad70000000, ArchiveRelocationMode: 1.
[2024-03-12T10:36:20.493+0300][8ms] Compressed class space mapped at: 0x00007fad71000000-0x00007fad7e000000, reserved size: 218103808
[2024-03-12T10:36:20.493+0300][8ms] Narrow klass base: 0x00007fad70000000, Narrow klass shift: 0, Narrow klass range: 0x100000000
[2024-03-12T10:36:25.072+0300][4588ms] GC(0) Pause Young (Allocation Failure)
[2024-03-12T10:36:25.129+0300][4645ms] GC(0) DefNew: 356096K(400576K)->26656K(400576K) Eden: 356096K(356096K)->0K(356096K) From: 0K(44480K)->26656K(44480K)
[2024-03-12T10:36:25.129+0300][4645ms] GC(0) Tenured: 0K(890240K)->0K(890240K)
[2024-03-12T10:36:25.129+0300][4645ms] GC(0) Metaspace: 32843K(33920K)->32843K(33920K) NonClass: 28431K(29056K)->28431K(29056K) Class: 4412K(4864K)->4412K(4864K)
[2024-03-12T10:36:25.129+0300][4645ms] GC(0) Pause Young (Allocation Failure) 347M->26M(1260M) 57.169ms
[2024-03-12T10:36:25.129+0300][4645ms] GC(0) User=0.05s Sys=0.00s Real=0.05s
[2024-03-12T10:49:39.522+0300][799038ms] GC(1) Pause Young (Allocation Failure)
[2024-03-12T10:49:39.786+0300][799301ms] GC(1) DefNew: 382752K(400576K)->16556K(400576K) Eden: 356096K(356096K)->0K(356096K) From: 26656K(44480K)->16556K(44480K)
[2024-03-12T10:49:39.786+0300][799301ms] GC(1) Tenured: 0K(890240K)->25508K(890240K)
[2024-03-12T10:49:39.786+0300][799301ms] GC(1) Metaspace: 67050K(69056K)->67050K(69056K) NonClass: 58215K(59392K)->58215K(59392K) Class: 8834K(9664K)->8834K(9664K)
[2024-03-12T10:49:39.786+0300][799302ms] GC(1) Pause Young (Allocation Failure) 373M->41M(1260M) 264.146ms
[2024-03-12T10:49:39.786+0300][799302ms] GC(1) User=0.07s Sys=0.03s Real=0.27s
[2024-03-12T11:06:29.264+0300][1808779ms] GC(2) Pause Full (Metadata GC Threshold)
[2024-03-12T11:06:29.265+0300][1808780ms] GC(2) Phase 1: Mark live objects
[2024-03-12T11:06:29.330+0300][1808846ms] GC(2) Phase 1: Mark live objects 65.237ms
[2024-03-12T11:06:29.330+0300][1808846ms] GC(2) Phase 2: Compute new object addresses
[2024-03-12T11:06:29.394+0300][1808909ms] GC(2) Phase 2: Compute new object addresses 63.695ms
[2024-03-12T11:06:29.394+0300][1808909ms] GC(2) Phase 3: Adjust pointers
[2024-03-12T11:06:29.434+0300][1808949ms] GC(2) Phase 3: Adjust pointers 39.905ms
[2024-03-12T11:06:29.434+0300][1808949ms] GC(2) Phase 4: Move objects
[2024-03-12T11:06:29.454+0300][1808969ms] GC(2) Phase 4: Move objects 19.977ms
[2024-03-12T11:06:29.465+0300][1808981ms] GC(2) DefNew: 354080K(400576K)->0K(400576K) Eden: 337524K(356096K)->0K(356096K) From: 16556K(44480K)->0K(44480K)
[2024-03-12T11:06:29.465+0300][1808981ms] GC(2) Tenured: 25508K(890240K)->52703K(890240K)
[2024-03-12T11:06:29.465+0300][1808981ms] GC(2) Metaspace: 95947K(98304K)->95947K(98304K) NonClass: 83609K(84928K)->83609K(84928K) Class: 12337K(13376K)->12337K(13376K)
[2024-03-12T11:06:29.465+0300][1808981ms] GC(2) Pause Full (Metadata GC Threshold) 370M->51M(1260M) 201.371ms
[2024-03-12T11:06:29.465+0300][1808981ms] GC(2) User=0.17s Sys=0.01s Real=0.21s
[2024-03-12T12:31:39.655+0300][6919170ms] GC(3) Pause Young (Allocation Failure)
[2024-03-12T12:31:39.658+0300][6919174ms] GC(3) DefNew: 356096K(400576K)->79K(400576K) Eden: 356096K(356096K)->0K(356096K) From: 0K(44480K)->79K(44480K)
[2024-03-12T12:31:39.658+0300][6919174ms] GC(3) Tenured: 52703K(890240K)->52703K(890240K)
[2024-03-12T12:31:39.658+0300][6919174ms] GC(3) Metaspace: 96498K(98944K)->96498K(98944K) NonClass: 84158K(85568K)->84158K(85568K) Class: 12339K(13376K)->12339K(13376K)
[2024-03-12T12:31:39.658+0300][6919174ms] GC(3) Pause Young (Allocation Failure) 399M->51M(1260M) 3.112ms
[2024-03-12T12:31:39.658+0300][6919174ms] GC(3) User=0.00s Sys=0.00s Real=0.00s
[2024-03-12T13:59:30.980+0300][12190496ms] GC(4) Pause Young (Allocation Failure)
[2024-03-12T13:59:30.982+0300][12190498ms] GC(4) DefNew: 356175K(400576K)->131K(400576K) Eden: 356096K(356096K)->0K(356096K) From: 79K(44480K)->131K(44480K)
[2024-03-12T13:59:30.982+0300][12190498ms] GC(4) Tenured: 52703K(890240K)->52703K(890240K)
[2024-03-12T13:59:30.982+0300][12190498ms] GC(4) Metaspace: 96536K(98944K)->96536K(98944K) NonClass: 84196K(85568K)->84196K(85568K) Class: 12340K(13376K)->12340K(13376K)
[2024-03-12T13:59:30.982+0300][12190498ms] GC(4) Pause Young (Allocation Failure) 399M->51M(1260M) 1.702ms
[2024-03-12T13:59:30.982+0300][12190498ms] GC(4) User=0.01s Sys=0.00s Real=0.00s
[2024-03-12T15:27:52.729+0300][17492245ms] GC(5) Pause Young (Allocation Failure)
[2024-03-12T15:27:52.732+0300][17492248ms] GC(5) DefNew: 356227K(400576K)->145K(400576K) Eden: 356096K(356096K)->0K(356096K) From: 131K(44480K)->145K(44480K)
[2024-03-12T15:27:52.732+0300][17492248ms] GC(5) Tenured: 52703K(890240K)->52703K(890240K)
[2024-03-12T15:27:52.732+0300][17492248ms] GC(5) Metaspace: 96546K(98944K)->96546K(98944K) NonClass: 84206K(85568K)->84206K(85568K) Class: 12340K(13376K)->12340K(13376K)
[2024-03-12T15:27:52.732+0300][17492248ms] GC(5) Pause Young (Allocation Failure) 399M->51M(1260M) 2.979ms
[2024-03-12T15:27:52.732+0300][17492248ms] GC(5) User=0.00s Sys=0.00s Real=0.00s
[2024-03-12T16:55:44.498+0300][22764014ms] GC(6) Pause Young (Allocation Failure)
[2024-03-12T16:55:44.500+0300][22764016ms] GC(6) DefNew: 356241K(400576K)->189K(400576K) Eden: 356096K(356096K)->0K(356096K) From: 145K(44480K)->189K(44480K)
[2024-03-12T16:55:44.500+0300][22764016ms] GC(6) Tenured: 52703K(890240K)->52703K(890240K)
[2024-03-12T16:55:44.500+0300][22764016ms] GC(6) Metaspace: 96552K(98944K)->96552K(98944K) NonClass: 84210K(85568K)->84210K(85568K) Class: 12341K(13376K)->12341K(13376K)
[2024-03-12T16:55:44.500+0300][22764016ms] GC(6) Pause Young (Allocation Failure) 399M->51M(1260M) 1.992ms
[2024-03-12T16:55:44.500+0300][22764016ms] GC(6) User=0.00s Sys=0.00s Real=0.00s
[2024-03-12T18:23:59.799+0300][28059314ms] GC(7) Pause Young (Allocation Failure)
[2024-03-12T18:23:59.801+0300][28059316ms] GC(7) DefNew: 356285K(400576K)->194K(400576K) Eden: 356096K(356096K)->0K(356096K) From: 189K(44480K)->194K(44480K)
[2024-03-12T18:23:59.801+0300][28059316ms] GC(7) Tenured: 52703K(890240K)->52703K(890240K)
[2024-03-12T18:23:59.801+0300][28059316ms] GC(7) Metaspace: 96571K(98944K)->96571K(98944K) NonClass: 84230K(85568K)->84230K(85568K) Class: 12341K(13376K)->12341K(13376K)
[2024-03-12T18:23:59.802+0300][28059318ms] GC(7) Pause Young (Allocation Failure) 399M->51M(1260M) 3.383ms
[2024-03-12T18:23:59.802+0300][28059318ms] GC(7) User=0.01s Sys=0.00s Real=0.00s
[2024-03-12T19:52:19.516+0300][33359032ms] GC(8) Pause Young (Allocation Failure)
[2024-03-12T19:52:19.525+0300][33359041ms] GC(8) DefNew: 356290K(400576K)->231K(400576K) Eden: 356096K(356096K)->0K(356096K) From: 194K(44480K)->231K(44480K)
[2024-03-12T19:52:19.525+0300][33359041ms] GC(8) Tenured: 52703K(890240K)->52703K(890240K)
[2024-03-12T19:52:19.525+0300][33359041ms] GC(8) Metaspace: 96612K(99072K)->96612K(99072K) NonClass: 84270K(85696K)->84270K(85696K) Class: 12342K(13376K)->12342K(13376K)
[2024-03-12T19:52:19.525+0300][33359041ms] GC(8) Pause Young (Allocation Failure) 399M->51M(1260M) 8.984ms
[2024-03-12T19:52:19.525+0300][33359041ms] GC(8) User=0.00s Sys=0.00s Real=0.01s
[2024-03-12T21:20:09.518+0300][38629034ms] GC(9) Pause Young (Allocation Failure)
[2024-03-12T21:20:09.524+0300][38629039ms] GC(9) DefNew: 356327K(400576K)->288K(400576K) Eden: 356096K(356096K)->0K(356096K) From: 231K(44480K)->288K(44480K)
[2024-03-12T21:20:09.524+0300][38629040ms] GC(9) Tenured: 52703K(890240K)->52703K(890240K)
[2024-03-12T21:20:09.524+0300][38629040ms] GC(9) Metaspace: 96613K(99072K)->96613K(99072K) NonClass: 84271K(85696K)->84271K(85696K) Class: 12342K(13376K)->12342K(13376K)
[2024-03-12T21:20:09.524+0300][38629040ms] GC(9) Pause Young (Allocation Failure) 399M->51M(1260M) 5.793ms
[2024-03-12T21:20:09.524+0300][38629040ms] GC(9) User=0.01s Sys=0.00s Real=0.00s
[2024-03-12T22:48:48.235+0300][43947750ms] GC(10) Pause Young (Allocation Failure)
[2024-03-12T22:48:48.237+0300][43947752ms] GC(10) DefNew: 356384K(400576K)->292K(400576K) Eden: 356096K(356096K)->0K(356096K) From: 288K(44480K)->292K(44480K)
[2024-03-12T22:48:48.237+0300][43947752ms] GC(10) Tenured: 52703K(890240K)->52703K(890240K)
[2024-03-12T22:48:48.237+0300][43947752ms] GC(10) Metaspace: 96616K(99072K)->96616K(99072K) NonClass: 84274K(85696K)->84274K(85696K) Class: 12342K(13376K)->12342K(13376K)
[2024-03-12T22:48:48.237+0300][43947752ms] GC(10) Pause Young (Allocation Failure) 399M->51M(1260M) 1.708ms
[2024-03-12T22:48:48.237+0300][43947752ms] GC(10) User=0.00s Sys=0.00s Real=0.00s
[2024-03-13T00:16:59.866+0300][49239381ms] GC(11) Pause Young (Allocation Failure)
[2024-03-13T00:16:59.874+0300][49239389ms] GC(11) DefNew: 356388K(400576K)->328K(400576K) Eden: 356096K(356096K)->0K(356096K) From: 292K(44480K)->328K(44480K)
[2024-03-13T00:16:59.874+0300][49239390ms] GC(11) Tenured: 52703K(890240K)->52703K(890240K)
[2024-03-13T00:16:59.874+0300][49239390ms] GC(11) Metaspace: 96616K(99072K)->96616K(99072K) NonClass: 84274K(85696K)->84274K(85696K) Class: 12342K(13376K)->12342K(13376K)
[2024-03-13T00:16:59.874+0300][49239390ms] GC(11) Pause Young (Allocation Failure) 399M->51M(1260M) 8.310ms
[2024-03-13T00:16:59.874+0300][49239390ms] GC(11) User=0.00s Sys=0.00s Real=0.00s
[2024-03-13T01:44:18.557+0300][54478073ms] GC(12) Pause Young (Allocation Failure)
[2024-03-13T01:44:18.562+0300][54478078ms] GC(12) DefNew: 356424K(400576K)->363K(400576K) Eden: 356096K(356096K)->0K(356096K) From: 328K(44480K)->363K(44480K)
[2024-03-13T01:44:18.562+0300][54478078ms] GC(12) Tenured: 52703K(890240K)->52703K(890240K)
[2024-03-13T01:44:18.562+0300][54478078ms] GC(12) Metaspace: 96656K(99136K)->96656K(99136K) NonClass: 84312K(85760K)->84312K(85760K) Class: 12343K(13376K)->12343K(13376K)
[2024-03-13T01:44:18.562+0300][54478078ms] GC(12) Pause Young (Allocation Failure) 399M->51M(1260M) 5.181ms
[2024-03-13T01:44:18.562+0300][54478078ms] GC(12) User=0.00s Sys=0.00s Real=0.00s
[2024-03-13T03:12:09.107+0300][59748622ms] GC(13) Pause Young (Allocation Failure)
[2024-03-13T03:12:09.109+0300][59748624ms] GC(13) DefNew: 356459K(400576K)->398K(400576K) Eden: 356096K(356096K)->0K(356096K) From: 363K(44480K)->398K(44480K)
[2024-03-13T03:12:09.109+0300][59748624ms] GC(13) Tenured: 52703K(890240K)->52703K(890240K)
[2024-03-13T03:12:09.109+0300][59748624ms] GC(13) Metaspace: 96657K(99136K)->96657K(99136K) NonClass: 84313K(85760K)->84313K(85760K) Class: 12344K(13376K)->12344K(13376K)
[2024-03-13T03:12:09.109+0300][59748624ms] GC(13) Pause Young (Allocation Failure) 399M->51M(1260M) 1.736ms
[2024-03-13T03:12:09.109+0300][59748624ms] GC(13) User=0.01s Sys=0.00s Real=0.00s
[2024-03-13T04:40:09.286+0300][65028801ms] GC(14) Pause Young (Allocation Failure)
[2024-03-13T04:40:09.291+0300][65028806ms] GC(14) DefNew: 356494K(400576K)->403K(400576K) Eden: 356096K(356096K)->0K(356096K) From: 398K(44480K)->403K(44480K)
[2024-03-13T04:40:09.291+0300][65028806ms] GC(14) Tenured: 52703K(890240K)->52703K(890240K)
[2024-03-13T04:40:09.291+0300][65028806ms] GC(14) Metaspace: 96661K(99136K)->96661K(99136K) NonClass: 84317K(85760K)->84317K(85760K) Class: 12344K(13376K)->12344K(13376K)
[2024-03-13T04:40:09.291+0300][65028806ms] GC(14) Pause Young (Allocation Failure) 399M->51M(1260M) 5.119ms
[2024-03-13T04:40:09.291+0300][65028806ms] GC(14) User=0.00s Sys=0.00s Real=0.01s
[2024-03-13T06:08:29.026+0300][70328541ms] GC(15) Pause Young (Allocation Failure)
[2024-03-13T06:08:29.028+0300][70328543ms] GC(15) DefNew: 356499K(400576K)->401K(400576K) Eden: 356096K(356096K)->0K(356096K) From: 403K(44480K)->401K(44480K)
[2024-03-13T06:08:29.028+0300][70328543ms] GC(15) Tenured: 52703K(890240K)->52703K(890240K)
[2024-03-13T06:08:29.028+0300][70328543ms] GC(15) Metaspace: 96687K(99136K)->96687K(99136K) NonClass: 84342K(85760K)->84342K(85760K) Class: 12344K(13376K)->12344K(13376K)
[2024-03-13T06:08:29.028+0300][70328543ms] GC(15) Pause Young (Allocation Failure) 399M->51M(1260M) 2.298ms
[2024-03-13T06:08:29.028+0300][70328543ms] GC(15) User=0.00s Sys=0.00s Real=0.00s
[2024-03-13T07:36:50.298+0300][75629814ms] GC(16) Pause Young (Allocation Failure)
[2024-03-13T07:36:50.307+0300][75629823ms] GC(16) DefNew: 356497K(400576K)->429K(400576K) Eden: 356096K(356096K)->0K(356096K) From: 401K(44480K)->429K(44480K)
[2024-03-13T07:36:50.307+0300][75629823ms] GC(16) Tenured: 52703K(890240K)->52703K(890240K)
[2024-03-13T07:36:50.307+0300][75629823ms] GC(16) Metaspace: 96687K(99136K)->96687K(99136K) NonClass: 84342K(85760K)->84342K(85760K) Class: 12344K(13376K)->12344K(13376K)
[2024-03-13T07:36:50.307+0300][75629823ms] GC(16) Pause Young (Allocation Failure) 399M->51M(1260M) 9.403ms
[2024-03-13T07:36:50.308+0300][75629823ms] GC(16) User=0.01s Sys=0.00s Real=0.01s
[2024-03-13T09:05:31.798+0300][80951314ms] GC(17) Pause Young (Allocation Failure)
[2024-03-13T09:05:31.801+0300][80951316ms] GC(17) DefNew: 356525K(400576K)->431K(400576K) Eden: 356096K(356096K)->0K(356096K) From: 429K(44480K)->431K(44480K)
[2024-03-13T09:05:31.801+0300][80951316ms] GC(17) Tenured: 52703K(890240K)->52703K(890240K)
[2024-03-13T09:05:31.801+0300][80951316ms] GC(17) Metaspace: 96696K(99200K)->96696K(99200K) NonClass: 84351K(85824K)->84351K(85824K) Class: 12344K(13376K)->12344K(13376K)
[2024-03-13T09:05:31.801+0300][80951316ms] GC(17) Pause Young (Allocation Failure) 399M->51M(1260M) 2.602ms
[2024-03-13T09:05:31.801+0300][80951317ms] GC(17) User=0.01s Sys=0.00s Real=0.00s
[2024-03-13T10:34:13.285+0300][86272801ms] GC(18) Pause Young (Allocation Failure)
[2024-03-13T10:34:13.291+0300][86272806ms] GC(18) DefNew: 356527K(400576K)->386K(400576K) Eden: 356096K(356096K)->0K(356096K) From: 431K(44480K)->386K(44480K)
[2024-03-13T10:34:13.291+0300][86272806ms] GC(18) Tenured: 52703K(890240K)->52746K(890240K)
[2024-03-13T10:34:13.291+0300][86272806ms] GC(18) Metaspace: 96696K(99200K)->96696K(99200K) NonClass: 84351K(85824K)->84351K(85824K) Class: 12344K(13376K)->12344K(13376K)
[2024-03-13T10:34:13.291+0300][86272806ms] GC(18) Pause Young (Allocation Failure) 399M->51M(1260M) 5.698ms
[2024-03-13T10:34:13.291+0300][86272806ms] GC(18) User=0.00s Sys=0.00s Real=0.00s
[2024-03-13T12:02:38.094+0300][91577610ms] GC(19) Pause Young (Allocation Failure)
[2024-03-13T12:02:38.096+0300][91577612ms] GC(19) DefNew: 356482K(400576K)->319K(400576K) Eden: 356096K(356096K)->0K(356096K) From: 386K(44480K)->319K(44480K)
[2024-03-13T12:02:38.096+0300][91577612ms] GC(19) Tenured: 52746K(890240K)->52785K(890240K)
[2024-03-13T12:02:38.096+0300][91577612ms] GC(19) Metaspace: 96696K(99200K)->96696K(99200K) NonClass: 84351K(85824K)->84351K(85824K) Class: 12344K(13376K)->12344K(13376K)
[2024-03-13T12:02:38.096+0300][91577612ms] GC(19) Pause Young (Allocation Failure) 399M->51M(1260M) 1.814ms
[2024-03-13T12:02:38.096+0300][91577612ms] GC(19) User=0.00s Sys=0.00s Real=0.00s
[2024-03-13T13:31:16.464+0300][96895980ms] GC(20) Pause Young (Allocation Failure)
[2024-03-13T13:31:16.466+0300][96895981ms] GC(20) DefNew: 356415K(400576K)->293K(400576K) Eden: 356096K(356096K)->0K(356096K) From: 319K(44480K)->293K(44480K)
[2024-03-13T13:31:16.466+0300][96895981ms] GC(20) Tenured: 52785K(890240K)->52821K(890240K)
[2024-03-13T13:31:16.466+0300][96895981ms] GC(20) Metaspace: 96696K(99200K)->96696K(99200K) NonClass: 84351K(85824K)->84351K(85824K) Class: 12344K(13376K)->12344K(13376K)
[2024-03-13T13:31:16.466+0300][96895981ms] GC(20) Pause Young (Allocation Failure) 399M->51M(1260M) 1.595ms
[2024-03-13T13:31:16.466+0300][96895981ms] GC(20) User=0.00s Sys=0.00s Real=0.00s
[2024-03-13T14:59:29.885+0300][102189401ms] GC(21) Pause Young (Allocation Failure)
[2024-03-13T14:59:29.890+0300][102189406ms] GC(21) DefNew: 356389K(400576K)->252K(400576K) Eden: 356096K(356096K)->0K(356096K) From: 293K(44480K)->252K(44480K)
[2024-03-13T14:59:29.890+0300][102189406ms] GC(21) Tenured: 52821K(890240K)->52854K(890240K)
[2024-03-13T14:59:29.890+0300][102189406ms] GC(21) Metaspace: 96707K(99200K)->96707K(99200K) NonClass: 84362K(85824K)->84362K(85824K) Class: 12344K(13376K)->12344K(13376K)
[2024-03-13T14:59:29.891+0300][102189406ms] GC(21) Pause Young (Allocation Failure) 399M->51M(1260M) 5.049ms
[2024-03-13T14:59:29.891+0300][102189406ms] GC(21) User=0.01s Sys=0.00s Real=0.00s
[2024-03-13T15:55:21.528+0300][105541044ms] Heap
[2024-03-13T15:55:21.528+0300][105541044ms]  def new generation   total 400576K, used 251150K [0x00000000ae800000, 0x00000000c9aa0000, 0x00000000c9aa0000)
[2024-03-13T15:55:21.528+0300][105541044ms]   eden space 356096K,  70% used [0x00000000ae800000, 0x00000000bdd046a0, 0x00000000c43c0000)
[2024-03-13T15:55:21.528+0300][105541044ms]   from space 44480K,   0% used [0x00000000c6f30000, 0x00000000c6f6f1a8, 0x00000000c9aa0000)
[2024-03-13T15:55:21.528+0300][105541044ms]   to   space 44480K,   0% used [0x00000000c43c0000, 0x00000000c43c0000, 0x00000000c6f30000)
[2024-03-13T15:55:21.528+0300][105541044ms]  tenured generation   total 890240K, used 52854K [0x00000000c9aa0000, 0x0000000100000000, 0x0000000100000000)
[2024-03-13T15:55:21.528+0300][105541044ms]    the space 890240K,   5% used [0x00000000c9aa0000, 0x00000000cce3db38, 0x00000000cce3dc00, 0x0000000100000000)
[2024-03-13T15:55:21.528+0300][105541044ms]  Metaspace       used 97752K, committed 100160K, reserved 344064K
[2024-03-13T15:55:21.528+0300][105541044ms]   class space    used 12515K, committed 13504K, reserved 212992K
